<?xml version="1.0" encoding="utf-8"?><testsuites><testsuite name="pytest" errors="10" failures="0" skipped="0" tests="10" time="7.864" timestamp="2025-09-07T12:02:45.656206" hostname="gaojiedeMacBook-Pro.local"><testcase classname="tests.e2e.test_user_flows_async.TestUserRegistrationFlowAsync" name="test_user_registration_success[chromium]" time="0.501"><error message="failed on setup with &quot;django.core.exceptions.SynchronousOnlyOperation: You cannot call this from an async context - use a thread or sync_to_async.&quot;">../QAToolBox/venv/lib/python3.13/site-packages/pytest_django/fixtures.py:251: in _django_db_helper
    test_case._pre_setup()
../QAToolBox/venv/lib/python3.13/site-packages/django/test/testcases.py:1155: in _pre_setup
    cls._fixture_setup()
../QAToolBox/venv/lib/python3.13/site-packages/django/test/testcases.py:1469: in _fixture_setup
    cls.atomics = cls._enter_atomics()
../QAToolBox/venv/lib/python3.13/site-packages/django/test/testcases.py:1387: in _enter_atomics
    atomic.__enter__()
../QAToolBox/venv/lib/python3.13/site-packages/django/db/transaction.py:198: in __enter__
    if not connection.get_autocommit():
../QAToolBox/venv/lib/python3.13/site-packages/django/db/backends/base/base.py:454: in get_autocommit
    self.ensure_connection()
../QAToolBox/venv/lib/python3.13/site-packages/django/test/testcases.py:311: in patched_ensure_connection
    real_ensure_connection(self, *args, **kwargs)
../QAToolBox/venv/lib/python3.13/site-packages/django/utils/asyncio.py:24: in inner
    raise SynchronousOnlyOperation(message)
E   django.core.exceptions.SynchronousOnlyOperation: You cannot call this from an async context - use a thread or sync_to_async.</error></testcase><testcase classname="tests.e2e.test_user_flows_async.TestUserRegistrationFlowAsync" name="test_user_registration_validation[chromium]" time="0.001"><error message="failed on setup with &quot;django.core.exceptions.SynchronousOnlyOperation: You cannot call this from an async context - use a thread or sync_to_async.&quot;">../QAToolBox/venv/lib/python3.13/site-packages/pytest_django/fixtures.py:251: in _django_db_helper
    test_case._pre_setup()
../QAToolBox/venv/lib/python3.13/site-packages/django/test/testcases.py:1155: in _pre_setup
    cls._fixture_setup()
../QAToolBox/venv/lib/python3.13/site-packages/django/test/testcases.py:1469: in _fixture_setup
    cls.atomics = cls._enter_atomics()
../QAToolBox/venv/lib/python3.13/site-packages/django/test/testcases.py:1387: in _enter_atomics
    atomic.__enter__()
../QAToolBox/venv/lib/python3.13/site-packages/django/db/transaction.py:198: in __enter__
    if not connection.get_autocommit():
../QAToolBox/venv/lib/python3.13/site-packages/django/db/backends/base/base.py:454: in get_autocommit
    self.ensure_connection()
../QAToolBox/venv/lib/python3.13/site-packages/django/test/testcases.py:311: in patched_ensure_connection
    real_ensure_connection(self, *args, **kwargs)
../QAToolBox/venv/lib/python3.13/site-packages/django/utils/asyncio.py:24: in inner
    raise SynchronousOnlyOperation(message)
E   django.core.exceptions.SynchronousOnlyOperation: You cannot call this from an async context - use a thread or sync_to_async.</error></testcase><testcase classname="tests.e2e.test_user_flows_async.TestUserLoginFlowAsync" name="test_user_login_success[chromium]" time="0.001"><error message="failed on setup with &quot;django.core.exceptions.SynchronousOnlyOperation: You cannot call this from an async context - use a thread or sync_to_async.&quot;">../QAToolBox/venv/lib/python3.13/site-packages/pytest_django/fixtures.py:251: in _django_db_helper
    test_case._pre_setup()
../QAToolBox/venv/lib/python3.13/site-packages/django/test/testcases.py:1155: in _pre_setup
    cls._fixture_setup()
../QAToolBox/venv/lib/python3.13/site-packages/django/test/testcases.py:1469: in _fixture_setup
    cls.atomics = cls._enter_atomics()
../QAToolBox/venv/lib/python3.13/site-packages/django/test/testcases.py:1387: in _enter_atomics
    atomic.__enter__()
../QAToolBox/venv/lib/python3.13/site-packages/django/db/transaction.py:198: in __enter__
    if not connection.get_autocommit():
../QAToolBox/venv/lib/python3.13/site-packages/django/db/backends/base/base.py:454: in get_autocommit
    self.ensure_connection()
../QAToolBox/venv/lib/python3.13/site-packages/django/test/testcases.py:311: in patched_ensure_connection
    real_ensure_connection(self, *args, **kwargs)
../QAToolBox/venv/lib/python3.13/site-packages/django/utils/asyncio.py:24: in inner
    raise SynchronousOnlyOperation(message)
E   django.core.exceptions.SynchronousOnlyOperation: You cannot call this from an async context - use a thread or sync_to_async.</error></testcase><testcase classname="tests.e2e.test_user_flows_async.TestUserLoginFlowAsync" name="test_user_login_failure[chromium]" time="0.001"><error message="failed on setup with &quot;django.core.exceptions.SynchronousOnlyOperation: You cannot call this from an async context - use a thread or sync_to_async.&quot;">../QAToolBox/venv/lib/python3.13/site-packages/pytest_django/fixtures.py:251: in _django_db_helper
    test_case._pre_setup()
../QAToolBox/venv/lib/python3.13/site-packages/django/test/testcases.py:1155: in _pre_setup
    cls._fixture_setup()
../QAToolBox/venv/lib/python3.13/site-packages/django/test/testcases.py:1469: in _fixture_setup
    cls.atomics = cls._enter_atomics()
../QAToolBox/venv/lib/python3.13/site-packages/django/test/testcases.py:1387: in _enter_atomics
    atomic.__enter__()
../QAToolBox/venv/lib/python3.13/site-packages/django/db/transaction.py:198: in __enter__
    if not connection.get_autocommit():
../QAToolBox/venv/lib/python3.13/site-packages/django/db/backends/base/base.py:454: in get_autocommit
    self.ensure_connection()
../QAToolBox/venv/lib/python3.13/site-packages/django/test/testcases.py:311: in patched_ensure_connection
    real_ensure_connection(self, *args, **kwargs)
../QAToolBox/venv/lib/python3.13/site-packages/django/utils/asyncio.py:24: in inner
    raise SynchronousOnlyOperation(message)
E   django.core.exceptions.SynchronousOnlyOperation: You cannot call this from an async context - use a thread or sync_to_async.</error></testcase><testcase classname="tests.e2e.test_user_flows_async.TestUserLoginFlowAsync" name="test_user_logout[chromium]" time="0.001"><error message="failed on setup with &quot;django.core.exceptions.SynchronousOnlyOperation: You cannot call this from an async context - use a thread or sync_to_async.&quot;">../QAToolBox/venv/lib/python3.13/site-packages/pytest_django/fixtures.py:251: in _django_db_helper
    test_case._pre_setup()
../QAToolBox/venv/lib/python3.13/site-packages/django/test/testcases.py:1155: in _pre_setup
    cls._fixture_setup()
../QAToolBox/venv/lib/python3.13/site-packages/django/test/testcases.py:1469: in _fixture_setup
    cls.atomics = cls._enter_atomics()
../QAToolBox/venv/lib/python3.13/site-packages/django/test/testcases.py:1387: in _enter_atomics
    atomic.__enter__()
../QAToolBox/venv/lib/python3.13/site-packages/django/db/transaction.py:198: in __enter__
    if not connection.get_autocommit():
../QAToolBox/venv/lib/python3.13/site-packages/django/db/backends/base/base.py:454: in get_autocommit
    self.ensure_connection()
../QAToolBox/venv/lib/python3.13/site-packages/django/test/testcases.py:311: in patched_ensure_connection
    real_ensure_connection(self, *args, **kwargs)
../QAToolBox/venv/lib/python3.13/site-packages/django/utils/asyncio.py:24: in inner
    raise SynchronousOnlyOperation(message)
E   django.core.exceptions.SynchronousOnlyOperation: You cannot call this from an async context - use a thread or sync_to_async.</error></testcase><testcase classname="tests.e2e.test_user_flows_async.TestToolUsageFlowAsync" name="test_chat_tool_usage[chromium]" time="0.001"><error message="failed on setup with &quot;django.core.exceptions.SynchronousOnlyOperation: You cannot call this from an async context - use a thread or sync_to_async.&quot;">../QAToolBox/venv/lib/python3.13/site-packages/pytest_django/fixtures.py:251: in _django_db_helper
    test_case._pre_setup()
../QAToolBox/venv/lib/python3.13/site-packages/django/test/testcases.py:1155: in _pre_setup
    cls._fixture_setup()
../QAToolBox/venv/lib/python3.13/site-packages/django/test/testcases.py:1469: in _fixture_setup
    cls.atomics = cls._enter_atomics()
../QAToolBox/venv/lib/python3.13/site-packages/django/test/testcases.py:1387: in _enter_atomics
    atomic.__enter__()
../QAToolBox/venv/lib/python3.13/site-packages/django/db/transaction.py:198: in __enter__
    if not connection.get_autocommit():
../QAToolBox/venv/lib/python3.13/site-packages/django/db/backends/base/base.py:454: in get_autocommit
    self.ensure_connection()
../QAToolBox/venv/lib/python3.13/site-packages/django/test/testcases.py:311: in patched_ensure_connection
    real_ensure_connection(self, *args, **kwargs)
../QAToolBox/venv/lib/python3.13/site-packages/django/utils/asyncio.py:24: in inner
    raise SynchronousOnlyOperation(message)
E   django.core.exceptions.SynchronousOnlyOperation: You cannot call this from an async context - use a thread or sync_to_async.</error></testcase><testcase classname="tests.e2e.test_user_flows_async.TestToolUsageFlowAsync" name="test_fitness_tool_usage[chromium]" time="0.001"><error message="failed on setup with &quot;django.core.exceptions.SynchronousOnlyOperation: You cannot call this from an async context - use a thread or sync_to_async.&quot;">../QAToolBox/venv/lib/python3.13/site-packages/pytest_django/fixtures.py:251: in _django_db_helper
    test_case._pre_setup()
../QAToolBox/venv/lib/python3.13/site-packages/django/test/testcases.py:1155: in _pre_setup
    cls._fixture_setup()
../QAToolBox/venv/lib/python3.13/site-packages/django/test/testcases.py:1469: in _fixture_setup
    cls.atomics = cls._enter_atomics()
../QAToolBox/venv/lib/python3.13/site-packages/django/test/testcases.py:1387: in _enter_atomics
    atomic.__enter__()
../QAToolBox/venv/lib/python3.13/site-packages/django/db/transaction.py:198: in __enter__
    if not connection.get_autocommit():
../QAToolBox/venv/lib/python3.13/site-packages/django/db/backends/base/base.py:454: in get_autocommit
    self.ensure_connection()
../QAToolBox/venv/lib/python3.13/site-packages/django/test/testcases.py:311: in patched_ensure_connection
    real_ensure_connection(self, *args, **kwargs)
../QAToolBox/venv/lib/python3.13/site-packages/django/utils/asyncio.py:24: in inner
    raise SynchronousOnlyOperation(message)
E   django.core.exceptions.SynchronousOnlyOperation: You cannot call this from an async context - use a thread or sync_to_async.</error></testcase><testcase classname="tests.e2e.test_user_flows_async.TestToolUsageFlowAsync" name="test_pdf_converter_usage[chromium]" time="0.001"><error message="failed on setup with &quot;django.core.exceptions.SynchronousOnlyOperation: You cannot call this from an async context - use a thread or sync_to_async.&quot;">../QAToolBox/venv/lib/python3.13/site-packages/pytest_django/fixtures.py:251: in _django_db_helper
    test_case._pre_setup()
../QAToolBox/venv/lib/python3.13/site-packages/django/test/testcases.py:1155: in _pre_setup
    cls._fixture_setup()
../QAToolBox/venv/lib/python3.13/site-packages/django/test/testcases.py:1469: in _fixture_setup
    cls.atomics = cls._enter_atomics()
../QAToolBox/venv/lib/python3.13/site-packages/django/test/testcases.py:1387: in _enter_atomics
    atomic.__enter__()
../QAToolBox/venv/lib/python3.13/site-packages/django/db/transaction.py:198: in __enter__
    if not connection.get_autocommit():
../QAToolBox/venv/lib/python3.13/site-packages/django/db/backends/base/base.py:454: in get_autocommit
    self.ensure_connection()
../QAToolBox/venv/lib/python3.13/site-packages/django/test/testcases.py:311: in patched_ensure_connection
    real_ensure_connection(self, *args, **kwargs)
../QAToolBox/venv/lib/python3.13/site-packages/django/utils/asyncio.py:24: in inner
    raise SynchronousOnlyOperation(message)
E   django.core.exceptions.SynchronousOnlyOperation: You cannot call this from an async context - use a thread or sync_to_async.</error></testcase><testcase classname="tests.e2e.test_user_flows_async.TestMobileResponsivenessAsync" name="test_mobile_navigation[chromium]" time="0.001"><error message="failed on setup with &quot;django.core.exceptions.SynchronousOnlyOperation: You cannot call this from an async context - use a thread or sync_to_async.&quot;">../QAToolBox/venv/lib/python3.13/site-packages/pytest_django/fixtures.py:251: in _django_db_helper
    test_case._pre_setup()
../QAToolBox/venv/lib/python3.13/site-packages/django/test/testcases.py:1155: in _pre_setup
    cls._fixture_setup()
../QAToolBox/venv/lib/python3.13/site-packages/django/test/testcases.py:1469: in _fixture_setup
    cls.atomics = cls._enter_atomics()
../QAToolBox/venv/lib/python3.13/site-packages/django/test/testcases.py:1387: in _enter_atomics
    atomic.__enter__()
../QAToolBox/venv/lib/python3.13/site-packages/django/db/transaction.py:198: in __enter__
    if not connection.get_autocommit():
../QAToolBox/venv/lib/python3.13/site-packages/django/db/backends/base/base.py:454: in get_autocommit
    self.ensure_connection()
../QAToolBox/venv/lib/python3.13/site-packages/django/test/testcases.py:311: in patched_ensure_connection
    real_ensure_connection(self, *args, **kwargs)
../QAToolBox/venv/lib/python3.13/site-packages/django/utils/asyncio.py:24: in inner
    raise SynchronousOnlyOperation(message)
E   django.core.exceptions.SynchronousOnlyOperation: You cannot call this from an async context - use a thread or sync_to_async.</error></testcase><testcase classname="tests.e2e.test_user_flows_async.TestMobileResponsivenessAsync" name="test_mobile_forms[chromium]" time="0.001"><error message="failed on setup with &quot;django.core.exceptions.SynchronousOnlyOperation: You cannot call this from an async context - use a thread or sync_to_async.&quot;">../QAToolBox/venv/lib/python3.13/site-packages/pytest_django/fixtures.py:251: in _django_db_helper
    test_case._pre_setup()
../QAToolBox/venv/lib/python3.13/site-packages/django/test/testcases.py:1155: in _pre_setup
    cls._fixture_setup()
../QAToolBox/venv/lib/python3.13/site-packages/django/test/testcases.py:1469: in _fixture_setup
    cls.atomics = cls._enter_atomics()
../QAToolBox/venv/lib/python3.13/site-packages/django/test/testcases.py:1387: in _enter_atomics
    atomic.__enter__()
../QAToolBox/venv/lib/python3.13/site-packages/django/db/transaction.py:198: in __enter__
    if not connection.get_autocommit():
../QAToolBox/venv/lib/python3.13/site-packages/django/db/backends/base/base.py:454: in get_autocommit
    self.ensure_connection()
../QAToolBox/venv/lib/python3.13/site-packages/django/test/testcases.py:311: in patched_ensure_connection
    real_ensure_connection(self, *args, **kwargs)
../QAToolBox/venv/lib/python3.13/site-packages/django/utils/asyncio.py:24: in inner
    raise SynchronousOnlyOperation(message)
E   django.core.exceptions.SynchronousOnlyOperation: You cannot call this from an async context - use a thread or sync_to_async.</error></testcase></testsuite></testsuites>